2,3,1080
4,100006,19
3,100001
2,5,1080
4,100006,14
3,100003
2,10,1080
4,100006,4
3,100005
2,2,1075
4,100006,2
3,100000
2,2,1075
3,100006
4,100002,8
2,8,1075
4,100010,92
3,100002
2,20,1020
4,100010,72
3,100008
2,10,1020
4,100010,62
3,100009
2,62,1020
4,100012,2938
3,100010
2,1000,1030
4,100012,1938
3,100011
