2,3,1080
4,100005,2
3,100001
2,2,1080
3,100005
4,100003,3
ERROR:  Order with id 1004 does not exist.
ERROR:  Bad Input: Unexpected or out of range datatype detected.
ERROR:  Order with id 100001 does not exist.
ERROR:  Order with id 100009 does not exist.