2,3,1080
4,100003,2
3,100001
2,2,1075
3,100003
3,100000
