2,3,1080
4,100004,7
3,100001
2,5,1080
4,100004,2
3,100003
2,2,1078
4,100005,8
3,100004
2,8,1078
4,100006,92
3,100005
2,2,1075
4,100006,90
3,100000