2,3,1080
4,100002,7
3,100001
2,2,1075
4,100002,5
3,100000
